{
  "frame_ids": [
    0,
    16,
    32,
    48,
    64,
    80,
    96,
    112,
    128,
    144,
    160,
    176,
    192,
    208,
    224,
    240,
    256,
    272
  ],
  "features": [
    {
      "name": "value",
      "type": "float",
      "data_points": [
        1,
        0.9488604,
        0.83574325,
        0.7016156,
        0.5691678,
        0.4497436,
        0.34789434,
        0.26431116,
        0.19766562,
        0.14572789,
        0.10601636,
        0.076149896,
        0.05401709,
        0.037837274,
        0.026161024,
        0.017839976,
        0.011983856,
        0.007914998
      ]
    }
  ]
}
