{
  "frame_ids": [
    0,
    20,
    40,
    60,
    80,
    100,
    120,
    140,
    160,
    180,
    200,
    220,
    240,
    260,
    280,
    300,
    320,
    340,
    360,
    380,
    400,
    420,
    440,
    460,
    480,
    500
  ],
  "features": [
    {
      "name": "value",
      "type": "float",
      "data_points": [
        1,
        0.9960574,
        0.98429155,
        0.9648882,
        0.9381534,
        0.9045085,
        0.8644843,
        0.818712,
        0.76791346,
        0.7128896,
        0.65450853,
        0.5936906,
        0.5313952,
        0.46860474,
        0.40630943,
        0.34549147,
        0.2871104,
        0.23208654,
        0.181288,
        0.13551569,
        0.09549153,
        0.061846733,
        0.035111785,
        0.015708387,
        0.003942609,
        0
      ]
    }
  ]
}
